[www.computerhope.com/index.html]
[backblue.gif]
[fade.gif]
[index.html]
[www.computerhope.com/cdn/chsprite.png]
[www.computerhope.com/cdn/site.css]
[pagead2.googlesyndication.com/pagead/js/f.txt]
[www.computerhope.com/cdn/freehelp.jpg]
[www.computerhope.com/cdn/apple-touch-icon.png]
[www.google-analytics.com/analytics.js]
[www.computerhope.com/cdn/favicon.ico]
[www.computerhope.com/cdn/computer-hope.jpg]
[www.computerhope.com/oh.html]
[www.computerhope.com/tips/tip156.html]
[www.computerhope.com/jargon.html]
[www.computerhope.com/tips/index.html]
[www.computerhope.com/history/index.html]
[www.computerhope.com/forum/index.html]
[www.computerhope.com/comp/logos/facebook.jpg]
[www.computerhope.com/contact/index.html]
[www.computerhope.com/jargon/w/wifi.html]
[www.computerhope.com/jargon/w/wirelessadapters.jpg]
[www.computerhope.com/cgi-bin/wotdeac9.html]
[www.computerhope.com/jargon/e/equalizer-apo.html]
[www.computerhope.com/issues/ch000808.html]
[www.computerhope.com/jargon/c/compress.jpg]
[www.computerhope.com/cgi-bin/historyc7b0.html]
[www.computerhope.com/htmcolor.html]
[www.computerhope.com/shortcut.html]
[www.computerhope.com/issues/ch001002.html]
[www.computerhope.com/issues/ch000465.html]
[www.computerhope.com/issues/ch000510.html]
[www.computerhope.com/msdos.html]
[www.computerhope.com/people/index.html]
[www.computerhope.com/beep.html]
[www.computerhope.com/issues/ch001366.html]
[www.computerhope.com/issues/ch000179.html]
[www.computerhope.com/issues/ch000984.html]
[www.computerhope.com/issues/ch000705.html]
[www.computerhope.com/issues/ch000306.html]
[www.computerhope.com/issues/ch001497.html]
[www.computerhope.com/issues/ch000192.html]
[www.computerhope.com/issues/chsafe.html]
[www.computerhope.com/cgi-bin/quiz379b.html]
[www.computerhope.com/cgi-bin/quiz5351.html]
[www.computerhope.com/cgi-bin/quiz2f7e.html]
[www.computerhope.com/cgi-bin/quizfc7f.html]
[www.computerhope.com/cgi-bin/quiz.html]
[www.computerhope.com/whatnew.html]
[www.computerhope.com/more.html]
[www.computerhope.com/sindex.html]
[www.computerhope.com/feedback/index.html]
[www.computerhope.com/issues/ch000586.html]
[www.computerhope.com/chtop10.html]
[www.computerhope.com/rss.html]
[www.computerhope.com/share/index.html]
[www.computerhope.com/legal.html]
[www.computerhope.com/recent.js]
[ajax.googleapis.com/ajax/libs/jquery/1.10.2/jquery.min.js]
[www.computerhope.com/cdn/site.js]
[www.computerhope.com/index.html]
[s7.addthis.com/js/300/addthis_widget.js]
[www.computerhope.com/cdn/arrow.png]
[www.computerhope.com/cdn/site.css]
[www.computerhope.com/oh3.gif]
[www.computerhope.com/cgi-bin/search.html]
[www.computerhope.com/oh1.gif]
[www.computerhope.com/qanda.html]
[www.computerhope.com/basic.html]
[www.computerhope.com/support.html]
[www.computerhope.com/ahardwre.html]
[www.computerhope.com/asoftwar.html]
[www.computerhope.com/drivers/index.html]
[www.computerhope.com/tools.html]
[www.computerhope.com/issues/ch000636.html]
[www.computerhope.com/chat.html]
[www.computerhope.com/forum/index0ddc.html]
[www.computerhope.com/oh2.gif]
[www.computerhope.com/jargon/i/irc.html]
[www.computerhope.com/oh4.gif]
[www.computerhope.com/oh.html]
[www.computerhope.com/cdn/tips.jpg]
[www.computerhope.com/btips/index.html]
[www.computerhope.com/cleaning.html]
[www.computerhope.com/tips/top10.html]
[www.computerhope.com/tips/misctips.html]
[www.computerhope.com/tips/alltips.html]
[www.computerhope.com/tips/chrometips.html]
[www.computerhope.com/tips/internet.html]
[www.computerhope.com/tips/facebook.html]
[www.computerhope.com/tips/firefox.html]
[www.computerhope.com/tips/msietips.html]
[www.computerhope.com/tips/htmltips.html]
[www.computerhope.com/tips/email.html]
[www.computerhope.com/tips/linux.html]
[www.computerhope.com/tips/exceltip.html]
[www.computerhope.com/tips/outlook.html]
[www.computerhope.com/tips/wintips.html]
[www.computerhope.com/tips/wordtips.html]
[www.computerhope.com/tips/msdos.html]
[www.computerhope.com/tips/software.html]
[www.computerhope.com/tips/hardware.html]
[www.computerhope.com/tips/tip79.html]
[www.computerhope.com/tips/tip196.html]
[www.computerhope.com/tips/tip216.html]
[www.computerhope.com/tips/tip5.html]
[www.computerhope.com/tips/tip101.html]
[www.computerhope.com/tips/tip201.html]
[www.computerhope.com/tips/tip132.html]
[www.computerhope.com/tips/tip208.html]
[www.computerhope.com/tips/tip202.html]
[www.computerhope.com/tips/tip210.html]
[www.computerhope.com/tips/toptips.html]
[www.computerhope.com/cgi-bin/feedbacka610.html]
[www.computerhope.com/tips/index.html]
[www.computerhope.com/cgi-bin/feedback7fa3.html]
[www.computerhope.com/cdn/dictionary.jpg]
[www.computerhope.com/jargon/jnum.html]
[www.computerhope.com/jargon/ja.html]
[www.computerhope.com/jargon/jb.html]
[www.computerhope.com/jargon/jc.html]
[www.computerhope.com/jargon/jd.html]
[www.computerhope.com/jargon/je.html]
[www.computerhope.com/jargon/jf.html]
[www.computerhope.com/jargon/jg.html]
[www.computerhope.com/jargon/jh.html]
[www.computerhope.com/jargon/ji.html]
[www.computerhope.com/jargon/jj.html]
[www.computerhope.com/jargon/jk.html]
[www.computerhope.com/jargon/jl.html]
[www.computerhope.com/jargon/jm.html]
[www.computerhope.com/jargon/jn.html]
[www.computerhope.com/jargon/jo.html]
[www.computerhope.com/jargon/jp.html]
[www.computerhope.com/jargon/jq.html]
[www.computerhope.com/jargon/jr.html]
[www.computerhope.com/jargon/js.html]
[www.computerhope.com/jargon/jt.html]
[www.computerhope.com/jargon/ju.html]
[www.computerhope.com/jargon/jv.html]
[www.computerhope.com/jargon/jw.html]
[www.computerhope.com/jargon/jx.html]
[www.computerhope.com/jargon/jy.html]
[www.computerhope.com/jargon/jz.html]
[www.computerhope.com/cgi-bin/check.html]
[www.computerhope.com/issues/ch001847.html]
[www.computerhope.com/jargon/acronyms.html]
[www.computerhope.com/jargon/apple.html]
[www.computerhope.com/jargon/ai.html]
[www.computerhope.com/jargon/battery.html]
[www.computerhope.com/jargon/business.html]
[www.computerhope.com/jargon/camera.html]
[www.computerhope.com/jargon/cd.html]
[www.computerhope.com/jargon/cellphone.html]
[www.computerhope.com/jargon/cert.html]
[www.computerhope.com/jargon/chat.html]
[www.computerhope.com/jargon/color.html]
[www.computerhope.com/jargon/cpu.html]
[www.computerhope.com/jargon/database.html]
[www.computerhope.com/jargon/num/domains.html]
[www.computerhope.com/jargon/email.html]
[www.computerhope.com/jargon/electron.html]
[www.computerhope.com/jargon/floppy.html]
[www.computerhope.com/jargon/game.html]
[www.computerhope.com/jargon/hdd.html]
[www.computerhope.com/jargon/hardware.html]
[www.computerhope.com/jargon/internet.html]
[www.computerhope.com/jargon/keyboard.html]
[www.computerhope.com/jargon/m/measure.html]
[www.computerhope.com/jargon/memory.html]
[www.computerhope.com/jargon/modem.html]
[www.computerhope.com/jargon/mb.html]
[www.computerhope.com/jargon/mouse.html]
[www.computerhope.com/jargon/network.html]
[www.computerhope.com/jargon/os.html]
[www.computerhope.com/jargon/power.html]
[www.computerhope.com/jargon/printer.html]
[www.computerhope.com/jargon/program.html]
[www.computerhope.com/vdef.html]
[www.computerhope.com/jargon/seo.html]
[www.computerhope.com/jargon/scanner.html]
[www.computerhope.com/jargon/software.html]
[www.computerhope.com/jargon/sound.html]
[www.computerhope.com/jargon/spreadsheet.html]
[www.computerhope.com/jargon/tape.html]
[www.computerhope.com/jargon/typography.html]
[www.computerhope.com/jargon/video.html]
[www.computerhope.com/jargon/html.html]
[www.computerhope.com/jargon/word-processor.html]
[www.computerhope.com/jargon/i/inputdev.html]
[www.computerhope.com/jargon/o/outputde.html]
[www.computerhope.com/jargon/m/mothboar.html]
[www.computerhope.com/jargon/s/stordevi.html]
[www.computerhope.com/jargon/h/harddriv.html]
[www.computerhope.com/jargon/c/controlp.html]
[www.computerhope.com/jargon/r/ram.html]
[www.computerhope.com/jargon/h/hardware.html]
[www.computerhope.com/jargon/s/software.html]
[www.computerhope.com/jargon.html]
[www.computerhope.com/jargon/c/cpu.html]
[www.computerhope.com/cdn/computer-history.jpg]
[www.computerhope.com/history/index-2.html]
[www.computerhope.com/historyq.html]
[www.computerhope.com/history/laptop.html]
[www.computerhope.com/history/dos.html]
[www.computerhope.com/history/windows.html]
[www.computerhope.com/history/macos.html]
[www.computerhope.com/history/unix.html]
[www.computerhope.com/history/internet.html]
[www.computerhope.com/history/motherboard.html]
[www.computerhope.com/history/processor.html]
[www.computerhope.com/history/memory.html]
[www.computerhope.com/history/hdd.html]
[www.computerhope.com/history/datastor.html]
[www.computerhope.com/history/usb.html]
[www.computerhope.com/history/monitor.html]
[www.computerhope.com/history/printer.html]
[www.computerhope.com/history/network.html]
[www.computerhope.com/history/cellphone.html]
[www.computerhope.com/history/programming.html]
[www.computerhope.com/history/game.html]
[www.computerhope.com/history/virus.html]
[www.computerhope.com/people/index-2.html]
[www.computerhope.com/history/bc.html]
[www.computerhope.com/cgi-bin/history.html]
[www.computerhope.com/history/1400.html]
[www.computerhope.com/history/1500.html]
[www.computerhope.com/history/1600.html]
[www.computerhope.com/history/1700.html]
[www.computerhope.com/history/1800.html]
[www.computerhope.com/history/1900.html]
[www.computerhope.com/history/2000today.html]
[www.computerhope.com/comp/apple.html]
[www.computerhope.com/comp/compaq.html]
[www.computerhope.com/comp/hp.html]
[www.computerhope.com/comp/ibm.html]
[www.computerhope.com/history/index.html]
[www.computerhope.com/comp/msoft.html]
[www.computerhope.com/forum/Themes/default/css/index7b35.css]
[www.computerhope.com/forum/Themes/default/scripts/script7b35.js]
[www.computerhope.com/forum/Themes/default/scripts/theme7b35.js]
[www.computerhope.com/forum/index-2.html]
[www.computerhope.com/forum/index0615.html]
[www.computerhope.com/forum/indexfff1.html]
[www.computerhope.com/forum/indexb599.php]
[www.computerhope.com/cdn/overlib/overlib.js]
[www.computerhope.com/forum/index0ddc-2.html]
[www.computerhope.com/forum/Themes/default/images/upshrink.png]
[www.computerhope.com/network.html]
[www.computerhope.com/cgi-bin/mail.html]
[www.computerhope.com/forum/Themes/default/scripts/sha1.js]
[www.computerhope.com/forum/index456e.html]
[www.computerhope.com/forum/indexc0d0.html]
[www.computerhope.com/forum/indexd0e9.html]
[www.computerhope.com/forum/Themes/default/images/off.png]
[www.computerhope.com/forum/index2e27.html]
[www.computerhope.com/forum/index5b61.html]
[www.computerhope.com/forum/index786c.html]
[www.computerhope.com/forum/index84c1.html]
[www.computerhope.com/forum/index00f9.html]
[www.computerhope.com/forum/index6cbf.html]
[www.computerhope.com/forum/indexfb32.html]
[www.computerhope.com/forum/index890e.html]
[www.computerhope.com/forum/indexd956.html]
[www.computerhope.com/forum/index9c2d.html]
[www.computerhope.com/forum/indexc4dc.html]
[www.computerhope.com/forum/indexcecb.html]
[www.computerhope.com/forum/index4eb9.html]
[www.computerhope.com/forum/index6b8c.html]
[www.computerhope.com/forum/index0d26.html]
[www.computerhope.com/forum/indexfc47.html]
[www.computerhope.com/forum/index1d5f.html]
[www.computerhope.com/forum/index8b25.html]
[www.computerhope.com/forum/index5ea4.html]
[www.computerhope.com/forum/indexce22.html]
[www.computerhope.com/forum/indexec1a.html]
[www.computerhope.com/forum/index33e8.html]
[www.computerhope.com/forum/indexb678.html]
[www.computerhope.com/forum/indexfce1.html]
[www.computerhope.com/forum/indexe99d.html]
[www.computerhope.com/forum/index370c.html]
[www.computerhope.com/forum/index9b27.html]
[www.computerhope.com/forum/index1d3e.html]
[www.computerhope.com/forum/index1778.html]
[www.computerhope.com/forum/indexef75.html]
[www.computerhope.com/forum/index5596.html]
[www.computerhope.com/forum/indexf350.html]
[www.computerhope.com/forum/indexe95a.html]
[www.computerhope.com/forum/index0d70.html]
[www.computerhope.com/forum/index5da5.html]
[www.computerhope.com/forum/indexce7d.html]
[www.computerhope.com/forum/index17c1.html]
[www.computerhope.com/forum/indexac34.html]
[www.computerhope.com/forum/index17fa.html]
[www.computerhope.com/forum/index2d5c.html]
[www.computerhope.com/forum/indexc652.html]
[www.computerhope.com/forum/index1e20.html]
[www.computerhope.com/forum/index7eec.html]
[www.computerhope.com/forum/indexd405.html]
[www.computerhope.com/forum/index9b9d.html]
[www.computerhope.com/forum/indexaf4b.html]
[www.computerhope.com/forum/index751a.html]
[www.computerhope.com/forum/index8499.html]
[www.computerhope.com/forum/indexbc8d.html]
[www.computerhope.com/forum/indexf094.html]
[www.computerhope.com/forum/index8228.html]
[www.computerhope.com/forum/index0fb5.html]
[www.computerhope.com/forum/indexbcb1.html]
[www.computerhope.com/forum/index7ecf.html]
[www.computerhope.com/forum/index750d.html]
[www.computerhope.com/forum/indexbd13.html]
[www.computerhope.com/forum/indexecce.html]
[www.computerhope.com/forum/index8d1a.html]
[www.computerhope.com/forum/indexeb53.html]
[www.computerhope.com/forum/index07b1.html]
[www.computerhope.com/forum/index2c95.html]
[www.computerhope.com/forum/indexc3fa.html]
[www.computerhope.com/forum/index12aa.html]
[www.computerhope.com/forum/indexb4dd.html]
[www.computerhope.com/forum/index0a6a.html]
[www.computerhope.com/forum/indexcff6.html]
[www.computerhope.com/forum/index824d.html]
[www.computerhope.com/forum/indexf115.html]
[www.computerhope.com/forum/index1d6b.html]
[www.computerhope.com/forum/index5e50.html]
[www.computerhope.com/forum/indexb7df.html]
[www.computerhope.com/forum/indexcdc9.html]
[www.computerhope.com/forum/index5d14.html]
[www.computerhope.com/forum/index9609.html]
[www.computerhope.com/forum/Themes/default/images/new_none.png]
[www.computerhope.com/forum/Themes/default/images/new_redirect.png]
[www.computerhope.com/forum/Themes/default/images/collapse.gif]
[www.computerhope.com/forum/index4d50.html]
[www.computerhope.com/forum/Themes/default/images/post/xx.gif]
[www.computerhope.com/forum/index0916.php]
[www.computerhope.com/forum/indexe562.html]
[www.computerhope.com/forum/index2004.html]
[www.computerhope.com/forum/index693c.html]
[www.computerhope.com/forum/indexee0c.html]
[www.computerhope.com/forum/index9528.html]
[www.computerhope.com/forum/indexd04f.html]
[www.computerhope.com/forum/index45b2.html]
[www.computerhope.com/forum/Themes/default/images/icons/info.gif]
[www.computerhope.com/forum/index7ebe.html]
[www.computerhope.com/forum/Themes/default/images/icons/online.gif]
[www.computerhope.com/cdn-cgi/scripts/5c5dd728/cloudflare-static/email-decode.min.js]
[www.computerhope.com/forum/index.php/topic,58736.0.html]
[www.computerhope.com/forum/index.html]
[www.computerhope.com/forum/index8b30.html]
[www.computerhope.com/cgi-bin/support6fab.html]
[www.computerhope.com/cgi-bin/edit7354.html]
[www.computerhope.com/cgi-bin/share91ad.html]
[www.computerhope.com/contact/index.html]
[www.computerhope.com/awards.html]
[www.computerhope.com/jargon/m/modifkey.html]
[www.computerhope.com/jargon/n/numekeyp.html]
[www.computerhope.com/jargon/f/facebook.html]
[www.computerhope.com/tips/tip156.html]
[www.computerhope.com/jargon/k/keyboard-shortcut.html]
[www.computerhope.com/cdn/wireless-router.jpg]
[www.computerhope.com/jargon/num/80211.html]
[www.computerhope.com/jargon/a/accepoin.html]
[www.computerhope.com/jargon/r/router.html]
[www.computerhope.com/jargon/w/wap.html]
[www.computerhope.com/jargon/w/wep.html]
[www.computerhope.com/jargon/a/antenna.html]
[www.computerhope.com/help/nic.html]
[www.computerhope.com/comp/linksys.html]
[www.computerhope.com/jargon/p/pci.html]
[www.computerhope.com/comp/smc.html]
[www.computerhope.com/jargon/p/pcmcia.html]
[www.computerhope.com/jargon/l/laptop.html]
[www.computerhope.com/comp/cisco.html]
[www.computerhope.com/jargon/u/usb.html]
[www.computerhope.com/network/computer.html]
[www.computerhope.com/network/nic.html]
[www.computerhope.com/jargon/c/chipset.html]
[www.computerhope.com/jargon/d/download.html]
[www.computerhope.com/jargon/j/jumpdriv.html]
[www.computerhope.com/jargon/c/cat5.html]
[www.computerhope.com/jargon/i/internet-of-things.html]
[www.computerhope.com/jargon/w/wireless.html]
[www.computerhope.com/jargon/c/chromecast.html]
[www.computerhope.com/jargon/r/roku.html]
[www.computerhope.com/jargon/c/computer.html]
[www.computerhope.com/jargon/p/playstation.html]
[www.computerhope.com/jargon/w/wii.html]
[www.computerhope.com/jargon/x/xbox.html]
[www.computerhope.com/jargon/d/dvd.html]
[www.computerhope.com/jargon/b/bd.html]
[www.computerhope.com/jargon/d/dvr.html]
[www.computerhope.com/jargon/s/settop-box.html]
[www.computerhope.com/jargon/e/ebook.html]
[www.computerhope.com/jargon/n/nest-thermostat.html]
[www.computerhope.com/jargon/p/printer.html]
[www.computerhope.com/jargon/s/smart-tv.html]
[www.computerhope.com/jargon/s/smartphone.html]
[www.computerhope.com/jargon/s/speaker.html]
[www.computerhope.com/jargon/t/tablet.html]
[www.computerhope.com/jargon/i/isp.html]
[www.computerhope.com/issues/ch000983.html]
[www.computerhope.com/history/1971.html]
[www.computerhope.com/history/1997.html]
[www.computerhope.com/history/1999.html]
[www.computerhope.com/jargon/b/backronym.html]
[www.computerhope.com/issues/ch001410.html]
[www.computerhope.com/issues/ch001575.html]
[www.computerhope.com/issues/ch001062.html]
[www.computerhope.com/issues/ch001289.html]
[www.computerhope.com/tips/tip181.html]
[www.computerhope.com/jargon/num/3g.html]
[www.computerhope.com/jargon/num/4g.html]
[www.computerhope.com/jargon/h/hotspot.html]
[www.computerhope.com/jargon/w/wan.html]
[www.computerhope.com/jargon/w/wi-fi-calling.html]
[www.computerhope.com/jargon/w/wi-fi-extender.html]
[www.computerhope.com/jargon/w/wifi.html]
[www.computerhope.com/jargon/w/wlan.html]
[www.computerhope.com/jargon/s/screshot.html]
[www.computerhope.com/cdn/screenshot.jpg]
[www.computerhope.com/jargon/o/os.html]
[www.computerhope.com/jargon/g/gif.html]
[www.computerhope.com/jargon/j/jpeg.html]
[www.computerhope.com/issues/ch001619.html]
[www.computerhope.com/issues/ch001978.html]
[www.computerhope.com/issues/ch000902.html]
[www.computerhope.com/tips/tip162.html]
[www.computerhope.com/jargon/f/fraps.html]
[www.computerhope.com/jargon/p/printkey.html]
[www.computerhope.com/jargon/s/snagit.html]
[www.computerhope.com/cgi-bin/wotdeac9.html]
[www.computerhope.com/jargon/s/snipping.html]
[www.computerhope.com/jargon/e/equalizer-apo.jpg]
[www.computerhope.com/jargon/o/opensour.html]
[www.computerhope.com/jargon/e/eq.html]
[www.computerhope.com/jargon/w/windows.html]
[www.computerhope.com/jargon/c/code.html]
[www.computerhope.com/jargon/s/sourcefo.html]
[www.computerhope.com/jargon/s/souncard.html]
[www.computerhope.com/jargon/e/equalizer-apo.html]
[www.computerhope.com/jargon/g/gui.html]
[www.computerhope.com/sofqa.html]
[www.computerhope.com/software/file.html]
[www.computerhope.com/issues/ch000771.html]
[www.computerhope.com/jargon/r/righclic.html]
[www.computerhope.com/jargon/c/computil.html]
[www.computerhope.com/unix/uzcat.html]
[www.computerhope.com/unix/upack.html]
[www.computerhope.com/unix/utar.html]
[www.computerhope.com/unix/uuncompr.html]
[www.computerhope.com/jargon/c/compress.html]
[www.computerhope.com/issues/ch000506.html]
[www.computerhope.com/issues/ch000808.html]
[www.computerhope.com/tips/tip80.html]
[computerhope.cachefly.net/jquery.datepick.1b2.delayed]
[www.computerhope.com/history/apple.jpg]
[www.computerhope.com/history/misc.jpg]
[www.computerhope.com/jargon/comp/apple.htm]
[www.computerhope.com/jargon/d/domain.html]
[www.computerhope.com/jargon/h/hddvd.html]
[www.computerhope.com/jargon/o/online.html]
[www.computerhope.com/history/198090.html]
[www.computerhope.com/history/2000.html]
[www.computerhope.com/cgi-bin/wotd.html]
[computerhope.cachefly.net/jquery.datepick.js]
[www.computerhope.com/cgi-bin/historyc7b0.html]
[www.computerhope.com/people/leonard_kleinrock.html]
[www.computerhope.com/people/charles_babbage.html]
[www.computerhope.com/people/tim_berners-lee.html]
[www.computerhope.com/people/konrad_zuse.html]
[www.computerhope.com/people/steve_wozniak.html]
[www.computerhope.com/people/steve_jobs.html]
[www.computerhope.com/people/dennis_ritchie.html]
[www.computerhope.com/people/john_atanasoff.html]
[www.computerhope.com/people/alan_turing.html]
[www.computerhope.com/people/bill_gates.html]
[www.computerhope.com/people/a.html]
[www.computerhope.com/people/b.html]
[www.computerhope.com/people/c.html]
[www.computerhope.com/people/d.html]
[www.computerhope.com/people/e.html]
[www.computerhope.com/people/f.html]
[www.computerhope.com/people/g.html]
[www.computerhope.com/people/h.html]
[www.computerhope.com/people/i.html]
[www.computerhope.com/people/j.html]
[www.computerhope.com/people/k.html]
[www.computerhope.com/people/l.html]
[www.computerhope.com/people/m.html]
[www.computerhope.com/people/n.html]
[www.computerhope.com/people/o.html]
[www.computerhope.com/people/p.html]
[www.computerhope.com/people/q.html]
[www.computerhope.com/people/r.html]
[www.computerhope.com/people/s.html]
[www.computerhope.com/people/t.html]
[www.computerhope.com/people/u.html]
[www.computerhope.com/people/v.html]
[www.computerhope.com/people/w.html]
[www.computerhope.com/people/x.html]
[www.computerhope.com/people/y.html]
[www.computerhope.com/people/z.html]
[www.computerhope.com/cgi-bin/pioneere377.html]
[www.computerhope.com/cgi-bin/pioneer05d5.html]
[www.computerhope.com/cgi-bin/pioneer5516.html]
[www.computerhope.com/cgi-bin/pioneer0e67.html]
[www.computerhope.com/cgi-bin/pioneere152.html]
[www.computerhope.com/cgi-bin/pioneer9d12.html]
[www.computerhope.com/cgi-bin/pioneera425.html]
[www.computerhope.com/cgi-bin/pioneereaf8.html]
[www.computerhope.com/cgi-bin/pioneer26b3.html]
[www.computerhope.com/cgi-bin/pioneer3d4e.html]
[www.computerhope.com/cgi-bin/pioneer5aee.html]
[www.computerhope.com/cgi-bin/pioneer4a16.html]
[www.computerhope.com/cgi-bin/pioneer0de9.html]
[www.computerhope.com/cgi-bin/pioneer273b.html]
[www.computerhope.com/cgi-bin/pioneercaaa.html]
[www.computerhope.com/cgi-bin/pioneer45aa.html]
[www.computerhope.com/cgi-bin/pioneerd6a6.html]
[www.computerhope.com/cgi-bin/pioneerc50c.html]
[www.computerhope.com/cgi-bin/pioneerb4f1.html]
[www.computerhope.com/cgi-bin/pioneer1ce6.html]
[www.computerhope.com/cgi-bin/pioneer1d02.html]
[www.computerhope.com/cgi-bin/pioneera4e3.html]
[www.computerhope.com/cgi-bin/pioneer389c.html]
[www.computerhope.com/cgi-bin/pioneer0877.html]
[www.computerhope.com/cgi-bin/pioneerb73c.html]
[www.computerhope.com/cgi-bin/pioneerc8d5.html]
[www.computerhope.com/cgi-bin/pioneer3f9c.html]
[www.computerhope.com/cgi-bin/pioneereac3.html]
[www.computerhope.com/cgi-bin/pioneer0839.html]
[www.computerhope.com/cgi-bin/pioneera82f.html]
[www.computerhope.com/people/index.html]
[www.computerhope.com/people/ada_lovelace.html]
[www.computerhope.com/cdn/color-code.jpg]
[www.googletagservices.com/tag/js/gpt.js]
[www.computerhope.com/learnhtm.html]
[www.computerhope.com/htmlqa.html]
[www.computerhope.com/jargon/h/hex.html]
[www.computerhope.com/jargon/t/triplet.html]
[www.computerhope.com/cgi-bin/htmlcolor.html]
[www.computerhope.com/issues/ch000072.html]
[www.computerhope.com/color-qa.html]
[www.computerhope.com/jargon/h/html.html]
[www.computerhope.com/jargon/c/css.html]
[www.computerhope.com/cgi-bin/htmlcolor339d.html]
[www.computerhope.com/cgi-bin/htmlcolor1705.html]
[www.computerhope.com/htmcolor.html]
[www.computerhope.com/shortcut.html]
[www.computerhope.com/issues/ch001002.html]
[www.computerhope.com/issues/ch000465.html]
[www.computerhope.com/issues/ch000510.html]
[www.computerhope.com/msdos.html]
[www.computerhope.com/beep.html]
[www.computerhope.com/issues/ch001366.html]
[www.computerhope.com/issues/ch000179.html]
[www.computerhope.com/issues/ch000984.html]
[www.computerhope.com/issues/ch000705.html]
[www.computerhope.com/issues/ch000306.html]
[www.computerhope.com/issues/ch001497.html]
[www.computerhope.com/issues/ch000192.html]
[www.computerhope.com/issues/chsafe.html]
[www.computerhope.com/cgi-bin/quiz379b.html]
[www.computerhope.com/cgi-bin/quiz5351.html]
[www.computerhope.com/cgi-bin/quiz2f7e.html]
[www.computerhope.com/cgi-bin/quizfc7f.html]
[www.computerhope.com/cgi-bin/quiz.html]
[www.computerhope.com/feedback/index.html]
[www.computerhope.com/share/index.html]
[www.computerhope.com/whatnew.html]
[www.computerhope.com/more.html]
[www.computerhope.com/sindex.html]
[www.computerhope.com/issues/ch000586.html]
[www.computerhope.com/chtop10.html]
[www.computerhope.com/rss.html]
[www.computerhope.com/legal.html]
[www.computerhope.com/cgi-bin/search.html]
[www.computerhope.com/qanda.html]
[www.computerhope.com/basic.html]
[www.computerhope.com/support.html]
[www.computerhope.com/ahardwre.html]
[www.computerhope.com/asoftwar.html]
[www.computerhope.com/drivers/index.html]
[www.computerhope.com/tools.html]
[www.computerhope.com/forum/index0ddc.html]
[www.computerhope.com/issues/ch000636.html]
[www.computerhope.com/chat.html]
[www.computerhope.com/jargon/i/irc.html]
[www.computerhope.com/btips/index.html]
[www.computerhope.com/cleaning.html]
[www.computerhope.com/tips/top10.html]
[www.computerhope.com/tips/misctips.html]
[www.computerhope.com/tips/alltips.html]
[www.computerhope.com/tips/chrometips.html]
[www.computerhope.com/tips/internet.html]
[www.computerhope.com/tips/facebook.html]
[www.computerhope.com/tips/firefox.html]
[www.computerhope.com/tips/msietips.html]
[www.computerhope.com/tips/htmltips.html]
[www.computerhope.com/tips/email.html]
[www.computerhope.com/tips/linux.html]
[www.computerhope.com/tips/exceltip.html]
[www.computerhope.com/tips/outlook.html]
[www.computerhope.com/tips/wintips.html]
[www.computerhope.com/tips/wordtips.html]
[www.computerhope.com/tips/msdos.html]
[www.computerhope.com/tips/software.html]
[www.computerhope.com/tips/hardware.html]
[www.computerhope.com/tips/tip79.html]
[www.computerhope.com/tips/tip196.html]
[www.computerhope.com/tips/tip216.html]
[www.computerhope.com/tips/tip5.html]
[www.computerhope.com/tips/tip101.html]
[www.computerhope.com/tips/tip201.html]
[www.computerhope.com/tips/tip132.html]
[www.computerhope.com/tips/tip208.html]
[www.computerhope.com/tips/tip202.html]
[www.computerhope.com/tips/tip210.html]
[www.computerhope.com/tips/toptips.html]
[www.computerhope.com/cgi-bin/feedbacka610.html]
[www.computerhope.com/cgi-bin/feedback7fa3.html]
[www.computerhope.com/jargon/jnum.html]
[www.computerhope.com/jargon/ja.html]
[www.computerhope.com/jargon/jb.html]
[www.computerhope.com/jargon/jc.html]
[www.computerhope.com/cgi-bin/htmlcolor7f7a.html]
[www.computerhope.com/jargon/jd.html]
[www.computerhope.com/jargon/je.html]
[www.computerhope.com/jargon/jf.html]
[www.computerhope.com/jargon/jg.html]
